This is pdfTeX, Version 3.141592653-2.6-1.40.25 (TeX Live 2023/Debian) (preloaded format=pdflatex 2025.11.13)  20 NOV 2025 11:11
entering extended mode
 restricted \write18 enabled.
 %&-line parsing enabled.
**spec/neo_solidity_compiler_design_spec.tex
(./spec/neo_solidity_compiler_design_spec.tex
LaTeX2e <2023-11-01> patch level 1
L3 programming layer <2024-01-22>
(/usr/share/texlive/texmf-dist/tex/latex/base/article.cls
Document Class: article 2023/05/17 v1.4n Standard LaTeX document class
(/usr/share/texlive/texmf-dist/tex/latex/base/size11.clo
File: size11.clo 2023/05/17 v1.4n Standard LaTeX file (size option)
)
\c@part=\count187
\c@section=\count188
\c@subsection=\count189
\c@subsubsection=\count190
\c@paragraph=\count191
\c@subparagraph=\count192
\c@figure=\count193
\c@table=\count194
\abovecaptionskip=\skip48
\belowcaptionskip=\skip49
\bibindent=\dimen140
)
(/usr/share/texlive/texmf-dist/tex/latex/geometry/geometry.sty
Package: geometry 2020/01/02 v5.9 Page Geometry

(/usr/share/texlive/texmf-dist/tex/latex/graphics/keyval.sty
Package: keyval 2022/05/29 v1.15 key=value parser (DPC)
\KV@toks@=\toks17
)
(/usr/share/texlive/texmf-dist/tex/generic/iftex/ifvtex.sty
Package: ifvtex 2019/10/25 v1.7 ifvtex legacy package. Use iftex instead.

(/usr/share/texlive/texmf-dist/tex/generic/iftex/iftex.sty
Package: iftex 2022/02/03 v1.0f TeX engine tests
))
\Gm@cnth=\count195
\Gm@cntv=\count196
\c@Gm@tempcnt=\count197
\Gm@bindingoffset=\dimen141
\Gm@wd@mp=\dimen142
\Gm@odd@mp=\dimen143
\Gm@even@mp=\dimen144
\Gm@layoutwidth=\dimen145
\Gm@layoutheight=\dimen146
\Gm@layouthoffset=\dimen147
\Gm@layoutvoffset=\dimen148
\Gm@dimlist=\toks18
)
(/usr/share/texlive/texmf-dist/tex/latex/booktabs/booktabs.sty
Package: booktabs 2020/01/12 v1.61803398 Publication quality tables
\heavyrulewidth=\dimen149
\lightrulewidth=\dimen150
\cmidrulewidth=\dimen151
\belowrulesep=\dimen152
\belowbottomsep=\dimen153
\aboverulesep=\dimen154
\abovetopsep=\dimen155
\cmidrulesep=\dimen156
\cmidrulekern=\dimen157
\defaultaddspace=\dimen158
\@cmidla=\count198
\@cmidlb=\count199
\@aboverulesep=\dimen159
\@belowrulesep=\dimen160
\@thisruleclass=\count266
\@lastruleclass=\count267
\@thisrulewidth=\dimen161
)
(/usr/share/texlive/texmf-dist/tex/latex/tools/array.sty
Package: array 2023/10/16 v2.5g Tabular extension package (FMi)
\col@sep=\dimen162
\ar@mcellbox=\box51
\extrarowheight=\dimen163
\NC@list=\toks19
\extratabsurround=\skip50
\backup@length=\skip51
\ar@cellbox=\box52
)
(/usr/share/texlive/texmf-dist/tex/latex/tools/tabularx.sty
Package: tabularx 2023/07/08 v2.11c `tabularx' package (DPC)
\TX@col@width=\dimen164
\TX@old@table=\dimen165
\TX@old@col=\dimen166
\TX@target=\dimen167
\TX@delta=\dimen168
\TX@cols=\count268
\TX@ftn=\toks20
)
(/usr/share/texlive/texmf-dist/tex/latex/tools/longtable.sty
Package: longtable 2023-11-01 v4.19 Multi-page Table package (DPC)
\LTleft=\skip52
\LTright=\skip53
\LTpre=\skip54
\LTpost=\skip55
\LTchunksize=\count269
\LTcapwidth=\dimen169
\LT@head=\box53
\LT@firsthead=\box54
\LT@foot=\box55
\LT@lastfoot=\box56
\LT@gbox=\box57
\LT@cols=\count270
\LT@rows=\count271
\c@LT@tables=\count272
\c@LT@chunks=\count273
\LT@p@ftn=\toks21
)
(/usr/share/texlive/texmf-dist/tex/latex/pgf/frontendlayer/tikz.sty
(/usr/share/texlive/texmf-dist/tex/latex/pgf/basiclayer/pgf.sty
(/usr/share/texlive/texmf-dist/tex/latex/pgf/utilities/pgfrcs.sty
(/usr/share/texlive/texmf-dist/tex/generic/pgf/utilities/pgfutil-common.tex
\pgfutil@everybye=\toks22
\pgfutil@tempdima=\dimen170
\pgfutil@tempdimb=\dimen171
)
(/usr/share/texlive/texmf-dist/tex/generic/pgf/utilities/pgfutil-latex.def
\pgfutil@abb=\box58
)
(/usr/share/texlive/texmf-dist/tex/generic/pgf/utilities/pgfrcs.code.tex
(/usr/share/texlive/texmf-dist/tex/generic/pgf/pgf.revision.tex)
Package: pgfrcs 2023-01-15 v3.1.10 (3.1.10)
))
Package: pgf 2023-01-15 v3.1.10 (3.1.10)

(/usr/share/texlive/texmf-dist/tex/latex/pgf/basiclayer/pgfcore.sty
(/usr/share/texlive/texmf-dist/tex/latex/graphics/graphicx.sty
Package: graphicx 2021/09/16 v1.2d Enhanced LaTeX Graphics (DPC,SPQR)

(/usr/share/texlive/texmf-dist/tex/latex/graphics/graphics.sty
Package: graphics 2022/03/10 v1.4e Standard LaTeX Graphics (DPC,SPQR)

(/usr/share/texlive/texmf-dist/tex/latex/graphics/trig.sty
Package: trig 2021/08/11 v1.11 sin cos tan (DPC)
)
(/usr/share/texlive/texmf-dist/tex/latex/graphics-cfg/graphics.cfg
File: graphics.cfg 2016/06/04 v1.11 sample graphics configuration
)
Package graphics Info: Driver file: pdftex.def on input line 107.

(/usr/share/texlive/texmf-dist/tex/latex/graphics-def/pdftex.def
File: pdftex.def 2022/09/22 v1.2b Graphics/color driver for pdftex
))
\Gin@req@height=\dimen172
\Gin@req@width=\dimen173
)
(/usr/share/texlive/texmf-dist/tex/latex/pgf/systemlayer/pgfsys.sty
(/usr/share/texlive/texmf-dist/tex/generic/pgf/systemlayer/pgfsys.code.tex
Package: pgfsys 2023-01-15 v3.1.10 (3.1.10)

(/usr/share/texlive/texmf-dist/tex/generic/pgf/utilities/pgfkeys.code.tex
\pgfkeys@pathtoks=\toks23
\pgfkeys@temptoks=\toks24

(/usr/share/texlive/texmf-dist/tex/generic/pgf/utilities/pgfkeyslibraryfiltered
.code.tex
\pgfkeys@tmptoks=\toks25
))
\pgf@x=\dimen174
\pgf@y=\dimen175
\pgf@xa=\dimen176
\pgf@ya=\dimen177
\pgf@xb=\dimen178
\pgf@yb=\dimen179
\pgf@xc=\dimen180
\pgf@yc=\dimen181
\pgf@xd=\dimen182
\pgf@yd=\dimen183
\w@pgf@writea=\write3
\r@pgf@reada=\read2
\c@pgf@counta=\count274
\c@pgf@countb=\count275
\c@pgf@countc=\count276
\c@pgf@countd=\count277
\t@pgf@toka=\toks26
\t@pgf@tokb=\toks27
\t@pgf@tokc=\toks28
\pgf@sys@id@count=\count278
 (/usr/share/texlive/texmf-dist/tex/generic/pgf/systemlayer/pgf.cfg
File: pgf.cfg 2023-01-15 v3.1.10 (3.1.10)
)
Driver file for pgf: pgfsys-pdftex.def
(/usr/share/texlive/texmf-dist/tex/generic/pgf/systemlayer/pgfsys-pdftex.def
File: pgfsys-pdftex.def 2023-01-15 v3.1.10 (3.1.10)

(/usr/share/texlive/texmf-dist/tex/generic/pgf/systemlayer/pgfsys-common-pdf.de
f
File: pgfsys-common-pdf.def 2023-01-15 v3.1.10 (3.1.10)
)))
(/usr/share/texlive/texmf-dist/tex/generic/pgf/systemlayer/pgfsyssoftpath.code.
tex
File: pgfsyssoftpath.code.tex 2023-01-15 v3.1.10 (3.1.10)
\pgfsyssoftpath@smallbuffer@items=\count279
\pgfsyssoftpath@bigbuffer@items=\count280
)
(/usr/share/texlive/texmf-dist/tex/generic/pgf/systemlayer/pgfsysprotocol.code.
tex
File: pgfsysprotocol.code.tex 2023-01-15 v3.1.10 (3.1.10)
)) (/usr/share/texlive/texmf-dist/tex/latex/xcolor/xcolor.sty
Package: xcolor 2023/11/15 v3.01 LaTeX color extensions (UK)

(/usr/share/texlive/texmf-dist/tex/latex/graphics-cfg/color.cfg
File: color.cfg 2016/01/02 v1.6 sample color configuration
)
Package xcolor Info: Driver file: pdftex.def on input line 274.

(/usr/share/texlive/texmf-dist/tex/latex/graphics/mathcolor.ltx)
Package xcolor Info: Model `cmy' substituted by `cmy0' on input line 1350.
Package xcolor Info: Model `hsb' substituted by `rgb' on input line 1354.
Package xcolor Info: Model `RGB' extended on input line 1366.
Package xcolor Info: Model `HTML' substituted by `rgb' on input line 1368.
Package xcolor Info: Model `Hsb' substituted by `hsb' on input line 1369.
Package xcolor Info: Model `tHsb' substituted by `hsb' on input line 1370.
Package xcolor Info: Model `HSB' substituted by `hsb' on input line 1371.
Package xcolor Info: Model `Gray' substituted by `gray' on input line 1372.
Package xcolor Info: Model `wave' substituted by `hsb' on input line 1373.
)
(/usr/share/texlive/texmf-dist/tex/generic/pgf/basiclayer/pgfcore.code.tex
Package: pgfcore 2023-01-15 v3.1.10 (3.1.10)

(/usr/share/texlive/texmf-dist/tex/generic/pgf/math/pgfmath.code.tex
(/usr/share/texlive/texmf-dist/tex/generic/pgf/math/pgfmathutil.code.tex)
(/usr/share/texlive/texmf-dist/tex/generic/pgf/math/pgfmathparser.code.tex
\pgfmath@dimen=\dimen184
\pgfmath@count=\count281
\pgfmath@box=\box59
\pgfmath@toks=\toks29
\pgfmath@stack@operand=\toks30
\pgfmath@stack@operation=\toks31
)
(/usr/share/texlive/texmf-dist/tex/generic/pgf/math/pgfmathfunctions.code.tex)
(/usr/share/texlive/texmf-dist/tex/generic/pgf/math/pgfmathfunctions.basic.code
.tex)
(/usr/share/texlive/texmf-dist/tex/generic/pgf/math/pgfmathfunctions.trigonomet
ric.code.tex)
(/usr/share/texlive/texmf-dist/tex/generic/pgf/math/pgfmathfunctions.random.cod
e.tex)
(/usr/share/texlive/texmf-dist/tex/generic/pgf/math/pgfmathfunctions.comparison
.code.tex)
(/usr/share/texlive/texmf-dist/tex/generic/pgf/math/pgfmathfunctions.base.code.
tex)
(/usr/share/texlive/texmf-dist/tex/generic/pgf/math/pgfmathfunctions.round.code
.tex)
(/usr/share/texlive/texmf-dist/tex/generic/pgf/math/pgfmathfunctions.misc.code.
tex)
(/usr/share/texlive/texmf-dist/tex/generic/pgf/math/pgfmathfunctions.integerari
thmetics.code.tex)
(/usr/share/texlive/texmf-dist/tex/generic/pgf/math/pgfmathcalc.code.tex)
(/usr/share/texlive/texmf-dist/tex/generic/pgf/math/pgfmathfloat.code.tex
\c@pgfmathroundto@lastzeros=\count282
))
(/usr/share/texlive/texmf-dist/tex/generic/pgf/math/pgfint.code.tex)
(/usr/share/texlive/texmf-dist/tex/generic/pgf/basiclayer/pgfcorepoints.code.te
x
File: pgfcorepoints.code.tex 2023-01-15 v3.1.10 (3.1.10)
\pgf@picminx=\dimen185
\pgf@picmaxx=\dimen186
\pgf@picminy=\dimen187
\pgf@picmaxy=\dimen188
\pgf@pathminx=\dimen189
\pgf@pathmaxx=\dimen190
\pgf@pathminy=\dimen191
\pgf@pathmaxy=\dimen192
\pgf@xx=\dimen193
\pgf@xy=\dimen194
\pgf@yx=\dimen195
\pgf@yy=\dimen196
\pgf@zx=\dimen197
\pgf@zy=\dimen198
)
(/usr/share/texlive/texmf-dist/tex/generic/pgf/basiclayer/pgfcorepathconstruct.
code.tex
File: pgfcorepathconstruct.code.tex 2023-01-15 v3.1.10 (3.1.10)
\pgf@path@lastx=\dimen199
\pgf@path@lasty=\dimen256
)
(/usr/share/texlive/texmf-dist/tex/generic/pgf/basiclayer/pgfcorepathusage.code
.tex
File: pgfcorepathusage.code.tex 2023-01-15 v3.1.10 (3.1.10)
\pgf@shorten@end@additional=\dimen257
\pgf@shorten@start@additional=\dimen258
)
(/usr/share/texlive/texmf-dist/tex/generic/pgf/basiclayer/pgfcorescopes.code.te
x
File: pgfcorescopes.code.tex 2023-01-15 v3.1.10 (3.1.10)
\pgfpic=\box60
\pgf@hbox=\box61
\pgf@layerbox@main=\box62
\pgf@picture@serial@count=\count283
)
(/usr/share/texlive/texmf-dist/tex/generic/pgf/basiclayer/pgfcoregraphicstate.c
ode.tex
File: pgfcoregraphicstate.code.tex 2023-01-15 v3.1.10 (3.1.10)
\pgflinewidth=\dimen259
)
(/usr/share/texlive/texmf-dist/tex/generic/pgf/basiclayer/pgfcoretransformation
s.code.tex
File: pgfcoretransformations.code.tex 2023-01-15 v3.1.10 (3.1.10)
\pgf@pt@x=\dimen260
\pgf@pt@y=\dimen261
\pgf@pt@temp=\dimen262
)
(/usr/share/texlive/texmf-dist/tex/generic/pgf/basiclayer/pgfcorequick.code.tex
File: pgfcorequick.code.tex 2023-01-15 v3.1.10 (3.1.10)
)
(/usr/share/texlive/texmf-dist/tex/generic/pgf/basiclayer/pgfcoreobjects.code.t
ex
File: pgfcoreobjects.code.tex 2023-01-15 v3.1.10 (3.1.10)
)
(/usr/share/texlive/texmf-dist/tex/generic/pgf/basiclayer/pgfcorepathprocessing
.code.tex
File: pgfcorepathprocessing.code.tex 2023-01-15 v3.1.10 (3.1.10)
)
(/usr/share/texlive/texmf-dist/tex/generic/pgf/basiclayer/pgfcorearrows.code.te
x
File: pgfcorearrows.code.tex 2023-01-15 v3.1.10 (3.1.10)
\pgfarrowsep=\dimen263
)
(/usr/share/texlive/texmf-dist/tex/generic/pgf/basiclayer/pgfcoreshade.code.tex
File: pgfcoreshade.code.tex 2023-01-15 v3.1.10 (3.1.10)
\pgf@max=\dimen264
\pgf@sys@shading@range@num=\count284
\pgf@shadingcount=\count285
)
(/usr/share/texlive/texmf-dist/tex/generic/pgf/basiclayer/pgfcoreimage.code.tex
File: pgfcoreimage.code.tex 2023-01-15 v3.1.10 (3.1.10)
)
(/usr/share/texlive/texmf-dist/tex/generic/pgf/basiclayer/pgfcoreexternal.code.
tex
File: pgfcoreexternal.code.tex 2023-01-15 v3.1.10 (3.1.10)
\pgfexternal@startupbox=\box63
)
(/usr/share/texlive/texmf-dist/tex/generic/pgf/basiclayer/pgfcorelayers.code.te
x
File: pgfcorelayers.code.tex 2023-01-15 v3.1.10 (3.1.10)
)
(/usr/share/texlive/texmf-dist/tex/generic/pgf/basiclayer/pgfcoretransparency.c
ode.tex
File: pgfcoretransparency.code.tex 2023-01-15 v3.1.10 (3.1.10)
)
(/usr/share/texlive/texmf-dist/tex/generic/pgf/basiclayer/pgfcorepatterns.code.
tex
File: pgfcorepatterns.code.tex 2023-01-15 v3.1.10 (3.1.10)
)
(/usr/share/texlive/texmf-dist/tex/generic/pgf/basiclayer/pgfcorerdf.code.tex
File: pgfcorerdf.code.tex 2023-01-15 v3.1.10 (3.1.10)
)))
(/usr/share/texlive/texmf-dist/tex/generic/pgf/modules/pgfmoduleshapes.code.tex
File: pgfmoduleshapes.code.tex 2023-01-15 v3.1.10 (3.1.10)
\pgfnodeparttextbox=\box64
) (/usr/share/texlive/texmf-dist/tex/generic/pgf/modules/pgfmoduleplot.code.tex
File: pgfmoduleplot.code.tex 2023-01-15 v3.1.10 (3.1.10)
)
(/usr/share/texlive/texmf-dist/tex/latex/pgf/compatibility/pgfcomp-version-0-65
.sty
Package: pgfcomp-version-0-65 2023-01-15 v3.1.10 (3.1.10)
\pgf@nodesepstart=\dimen265
\pgf@nodesepend=\dimen266
)
(/usr/share/texlive/texmf-dist/tex/latex/pgf/compatibility/pgfcomp-version-1-18
.sty
Package: pgfcomp-version-1-18 2023-01-15 v3.1.10 (3.1.10)
)) (/usr/share/texlive/texmf-dist/tex/latex/pgf/utilities/pgffor.sty
(/usr/share/texlive/texmf-dist/tex/latex/pgf/utilities/pgfkeys.sty
(/usr/share/texlive/texmf-dist/tex/generic/pgf/utilities/pgfkeys.code.tex))
(/usr/share/texlive/texmf-dist/tex/latex/pgf/math/pgfmath.sty
(/usr/share/texlive/texmf-dist/tex/generic/pgf/math/pgfmath.code.tex))
(/usr/share/texlive/texmf-dist/tex/generic/pgf/utilities/pgffor.code.tex
Package: pgffor 2023-01-15 v3.1.10 (3.1.10)
\pgffor@iter=\dimen267
\pgffor@skip=\dimen268
\pgffor@stack=\toks32
\pgffor@toks=\toks33
))
(/usr/share/texlive/texmf-dist/tex/generic/pgf/frontendlayer/tikz/tikz.code.tex
Package: tikz 2023-01-15 v3.1.10 (3.1.10)

(/usr/share/texlive/texmf-dist/tex/generic/pgf/libraries/pgflibraryplothandlers
.code.tex
File: pgflibraryplothandlers.code.tex 2023-01-15 v3.1.10 (3.1.10)
\pgf@plot@mark@count=\count286
\pgfplotmarksize=\dimen269
)
\tikz@lastx=\dimen270
\tikz@lasty=\dimen271
\tikz@lastxsaved=\dimen272
\tikz@lastysaved=\dimen273
\tikz@lastmovetox=\dimen274
\tikz@lastmovetoy=\dimen275
\tikzleveldistance=\dimen276
\tikzsiblingdistance=\dimen277
\tikz@figbox=\box65
\tikz@figbox@bg=\box66
\tikz@tempbox=\box67
\tikz@tempbox@bg=\box68
\tikztreelevel=\count287
\tikznumberofchildren=\count288
\tikznumberofcurrentchild=\count289
\tikz@fig@count=\count290

(/usr/share/texlive/texmf-dist/tex/generic/pgf/modules/pgfmodulematrix.code.tex
File: pgfmodulematrix.code.tex 2023-01-15 v3.1.10 (3.1.10)
\pgfmatrixcurrentrow=\count291
\pgfmatrixcurrentcolumn=\count292
\pgf@matrix@numberofcolumns=\count293
)
\tikz@expandcount=\count294

(/usr/share/texlive/texmf-dist/tex/generic/pgf/frontendlayer/tikz/libraries/tik
zlibrarytopaths.code.tex
File: tikzlibrarytopaths.code.tex 2023-01-15 v3.1.10 (3.1.10)
)))
(/usr/share/texlive/texmf-dist/tex/latex/float/float.sty
Package: float 2001/11/08 v1.3d Float enhancements (AL)
\c@float@type=\count295
\float@exts=\toks34
\float@box=\box69
\@float@everytoks=\toks35
\@floatcapt=\box70
)
(/usr/share/texlive/texmf-dist/tex/latex/enumitem/enumitem.sty
Package: enumitem 2019/06/20 v3.9 Customized lists
\labelindent=\skip56
\enit@outerparindent=\dimen278
\enit@toks=\toks36
\enit@inbox=\box71
\enit@count@id=\count296
\enitdp@description=\count297
)
(/usr/share/texlive/texmf-dist/tex/latex/hyperref/hyperref.sty
Package: hyperref 2024-01-20 v7.01h Hypertext links for LaTeX

(/usr/share/texlive/texmf-dist/tex/latex/kvsetkeys/kvsetkeys.sty
Package: kvsetkeys 2022-10-05 v1.19 Key value parser (HO)
)
(/usr/share/texlive/texmf-dist/tex/generic/kvdefinekeys/kvdefinekeys.sty
Package: kvdefinekeys 2019-12-19 v1.6 Define keys (HO)
)
(/usr/share/texlive/texmf-dist/tex/generic/pdfescape/pdfescape.sty
Package: pdfescape 2019/12/09 v1.15 Implements pdfTeX's escape features (HO)

(/usr/share/texlive/texmf-dist/tex/generic/ltxcmds/ltxcmds.sty
Package: ltxcmds 2023-12-04 v1.26 LaTeX kernel commands for general use (HO)
)
(/usr/share/texlive/texmf-dist/tex/generic/pdftexcmds/pdftexcmds.sty
Package: pdftexcmds 2020-06-27 v0.33 Utility functions of pdfTeX for LuaTeX (HO
)

(/usr/share/texlive/texmf-dist/tex/generic/infwarerr/infwarerr.sty
Package: infwarerr 2019/12/03 v1.5 Providing info/warning/error messages (HO)
)
Package pdftexcmds Info: \pdf@primitive is available.
Package pdftexcmds Info: \pdf@ifprimitive is available.
Package pdftexcmds Info: \pdfdraftmode found.
))
(/usr/share/texlive/texmf-dist/tex/latex/hycolor/hycolor.sty
Package: hycolor 2020-01-27 v1.10 Color options for hyperref/bookmark (HO)
)
(/usr/share/texlive/texmf-dist/tex/latex/auxhook/auxhook.sty
Package: auxhook 2019-12-17 v1.6 Hooks for auxiliary files (HO)
)
(/usr/share/texlive/texmf-dist/tex/latex/hyperref/nameref.sty
Package: nameref 2023-11-26 v2.56 Cross-referencing by name of section

(/usr/share/texlive/texmf-dist/tex/latex/refcount/refcount.sty
Package: refcount 2019/12/15 v3.6 Data extraction from label references (HO)
)
(/usr/share/texlive/texmf-dist/tex/generic/gettitlestring/gettitlestring.sty
Package: gettitlestring 2019/12/15 v1.6 Cleanup title references (HO)

(/usr/share/texlive/texmf-dist/tex/latex/kvoptions/kvoptions.sty
Package: kvoptions 2022-06-15 v3.15 Key value format for package options (HO)
))
\c@section@level=\count298
)
(/usr/share/texlive/texmf-dist/tex/latex/etoolbox/etoolbox.sty
Package: etoolbox 2020/10/05 v2.5k e-TeX tools for LaTeX (JAW)
\etb@tempcnta=\count299
)
\@linkdim=\dimen279
\Hy@linkcounter=\count300
\Hy@pagecounter=\count301

(/usr/share/texlive/texmf-dist/tex/latex/hyperref/pd1enc.def
File: pd1enc.def 2024-01-20 v7.01h Hyperref: PDFDocEncoding definition (HO)
Now handling font encoding PD1 ...
... no UTF-8 mapping file for font encoding PD1
)
(/usr/share/texlive/texmf-dist/tex/generic/intcalc/intcalc.sty
Package: intcalc 2019/12/15 v1.3 Expandable calculations with integers (HO)
)
\Hy@SavedSpaceFactor=\count302

(/usr/share/texlive/texmf-dist/tex/latex/hyperref/puenc.def
File: puenc.def 2024-01-20 v7.01h Hyperref: PDF Unicode definition (HO)
Now handling font encoding PU ...
... no UTF-8 mapping file for font encoding PU
)
Package hyperref Info: Option `colorlinks' set `true' on input line 4062.
Package hyperref Info: Hyper figures OFF on input line 4179.
Package hyperref Info: Link nesting OFF on input line 4184.
Package hyperref Info: Hyper index ON on input line 4187.
Package hyperref Info: Plain pages OFF on input line 4194.
Package hyperref Info: Backreferencing OFF on input line 4199.
Package hyperref Info: Implicit mode ON; LaTeX internals redefined.
Package hyperref Info: Bookmarks ON on input line 4446.
\c@Hy@tempcnt=\count303

(/usr/share/texlive/texmf-dist/tex/latex/url/url.sty
\Urlmuskip=\muskip16
Package: url 2013/09/16  ver 3.4  Verb mode for urls, etc.
)
LaTeX Info: Redefining \url on input line 4784.
\XeTeXLinkMargin=\dimen280

(/usr/share/texlive/texmf-dist/tex/generic/bitset/bitset.sty
Package: bitset 2019/12/09 v1.3 Handle bit-vector datatype (HO)

(/usr/share/texlive/texmf-dist/tex/generic/bigintcalc/bigintcalc.sty
Package: bigintcalc 2019/12/15 v1.5 Expandable calculations on big integers (HO
)
))
\Fld@menulength=\count304
\Field@Width=\dimen281
\Fld@charsize=\dimen282
Package hyperref Info: Hyper figures OFF on input line 6063.
Package hyperref Info: Link nesting OFF on input line 6068.
Package hyperref Info: Hyper index ON on input line 6071.
Package hyperref Info: backreferencing OFF on input line 6078.
Package hyperref Info: Link coloring ON on input line 6081.
Package hyperref Info: Link coloring with OCG OFF on input line 6088.
Package hyperref Info: PDF/A mode OFF on input line 6093.

(/usr/share/texlive/texmf-dist/tex/latex/base/atbegshi-ltx.sty
Package: atbegshi-ltx 2021/01/10 v1.0c Emulation of the original atbegshi
package with kernel methods
)
\Hy@abspage=\count305
\c@Item=\count306
\c@Hfootnote=\count307
)
Package hyperref Info: Driver (autodetected): hpdftex.

(/usr/share/texlive/texmf-dist/tex/latex/hyperref/hpdftex.def
File: hpdftex.def 2024-01-20 v7.01h Hyperref driver for pdfTeX

(/usr/share/texlive/texmf-dist/tex/latex/base/atveryend-ltx.sty
Package: atveryend-ltx 2020/08/19 v1.0a Emulation of the original atveryend pac
kage
with kernel methods
)
\Fld@listcount=\count308
\c@bookmark@seq@number=\count309

(/usr/share/texlive/texmf-dist/tex/latex/rerunfilecheck/rerunfilecheck.sty
Package: rerunfilecheck 2022-07-10 v1.10 Rerun checks for auxiliary files (HO)

(/usr/share/texlive/texmf-dist/tex/generic/uniquecounter/uniquecounter.sty
Package: uniquecounter 2019/12/15 v1.4 Provide unlimited unique counter (HO)
)
Package uniquecounter Info: New unique counter `rerunfilecheck' on input line 2
85.
)
\Hy@SectionHShift=\skip57
)
(/usr/share/texlive/texmf-dist/tex/generic/pgf/libraries/pgflibraryarrows.meta.
code.tex
File: pgflibraryarrows.meta.code.tex 2023-01-15 v3.1.10 (3.1.10)
\pgfarrowinset=\dimen283
\pgfarrowlength=\dimen284
\pgfarrowwidth=\dimen285
\pgfarrowlinewidth=\dimen286
)
(/usr/share/texlive/texmf-dist/tex/generic/pgf/frontendlayer/tikz/libraries/tik
zlibrarypositioning.code.tex
File: tikzlibrarypositioning.code.tex 2023-01-15 v3.1.10 (3.1.10)
)
(/usr/share/texlive/texmf-dist/tex/generic/pgf/frontendlayer/tikz/libraries/tik
zlibraryshapes.geometric.code.tex
File: tikzlibraryshapes.geometric.code.tex 2023-01-15 v3.1.10 (3.1.10)

(/usr/share/texlive/texmf-dist/tex/generic/pgf/libraries/shapes/pgflibraryshape
s.geometric.code.tex
File: pgflibraryshapes.geometric.code.tex 2023-01-15 v3.1.10 (3.1.10)
))
(/usr/share/texlive/texmf-dist/tex/latex/l3backend/l3backend-pdftex.def
File: l3backend-pdftex.def 2024-01-04 L3 backend support: PDF output (pdfTeX)
\l__color_backend_stack_int=\count310
\l__pdf_internal_box=\box72
)
(spec/neo_solidity_compiler_design_spec.aux)
\openout1 = `neo_solidity_compiler_design_spec.aux'.

LaTeX Font Info:    Checking defaults for OML/cmm/m/it on input line 22.
LaTeX Font Info:    ... okay on input line 22.
LaTeX Font Info:    Checking defaults for OMS/cmsy/m/n on input line 22.
LaTeX Font Info:    ... okay on input line 22.
LaTeX Font Info:    Checking defaults for OT1/cmr/m/n on input line 22.
LaTeX Font Info:    ... okay on input line 22.
LaTeX Font Info:    Checking defaults for T1/cmr/m/n on input line 22.
LaTeX Font Info:    ... okay on input line 22.
LaTeX Font Info:    Checking defaults for TS1/cmr/m/n on input line 22.
LaTeX Font Info:    ... okay on input line 22.
LaTeX Font Info:    Checking defaults for OMX/cmex/m/n on input line 22.
LaTeX Font Info:    ... okay on input line 22.
LaTeX Font Info:    Checking defaults for U/cmr/m/n on input line 22.
LaTeX Font Info:    ... okay on input line 22.
LaTeX Font Info:    Checking defaults for PD1/pdf/m/n on input line 22.
LaTeX Font Info:    ... okay on input line 22.
LaTeX Font Info:    Checking defaults for PU/pdf/m/n on input line 22.
LaTeX Font Info:    ... okay on input line 22.

*geometry* driver: auto-detecting
*geometry* detected driver: pdftex
*geometry* verbose mode - [ preamble ] result:
* driver: pdftex
* paper: <default>
* layout: <same size as paper>
* layoutoffset:(h,v)=(0.0pt,0.0pt)
* modes: 
* h-part:(L,W,R)=(72.26999pt, 469.75502pt, 72.26999pt)
* v-part:(T,H,B)=(72.26999pt, 650.43001pt, 72.26999pt)
* \paperwidth=614.295pt
* \paperheight=794.96999pt
* \textwidth=469.75502pt
* \textheight=650.43001pt
* \oddsidemargin=0.0pt
* \evensidemargin=0.0pt
* \topmargin=-37.0pt
* \headheight=12.0pt
* \headsep=25.0pt
* \topskip=11.0pt
* \footskip=30.0pt
* \marginparwidth=59.0pt
* \marginparsep=10.0pt
* \columnsep=10.0pt
* \skip\footins=10.0pt plus 4.0pt minus 2.0pt
* \hoffset=0.0pt
* \voffset=0.0pt
* \mag=1000
* \@twocolumnfalse
* \@twosidefalse
* \@mparswitchfalse
* \@reversemarginfalse
* (1in=72.27pt=25.4mm, 1cm=28.453pt)

(/usr/share/texlive/texmf-dist/tex/context/base/mkii/supp-pdf.mkii
[Loading MPS to PDF converter (version 2006.09.02).]
\scratchcounter=\count311
\scratchdimen=\dimen287
\scratchbox=\box73
\nofMPsegments=\count312
\nofMParguments=\count313
\everyMPshowfont=\toks37
\MPscratchCnt=\count314
\MPscratchDim=\dimen288
\MPnumerator=\count315
\makeMPintoPDFobject=\count316
\everyMPtoPDFconversion=\toks38
) (/usr/share/texlive/texmf-dist/tex/latex/epstopdf-pkg/epstopdf-base.sty
Package: epstopdf-base 2020-01-24 v2.11 Base part for package epstopdf
Package epstopdf-base Info: Redefining graphics rule for `.eps' on input line 4
85.

(/usr/share/texlive/texmf-dist/tex/latex/latexconfig/epstopdf-sys.cfg
File: epstopdf-sys.cfg 2010/07/13 v1.3 Configuration of (r)epstopdf for TeX Liv
e
))
Package hyperref Info: Link coloring ON on input line 22.

(spec/neo_solidity_compiler_design_spec.out)
(spec/neo_solidity_compiler_design_spec.out)
\@outlinefile=\write4
\openout4 = `neo_solidity_compiler_design_spec.out'.

LaTeX Font Info:    External font `cmex10' loaded for size
(Font)              <12> on input line 24.
LaTeX Font Info:    External font `cmex10' loaded for size
(Font)              <8> on input line 24.
LaTeX Font Info:    External font `cmex10' loaded for size
(Font)              <6> on input line 24.

(spec/neo_solidity_compiler_design_spec.toc
LaTeX Font Info:    External font `cmex10' loaded for size
(Font)              <10.95> on input line 2.
 [1

{/var/lib/texmf/fonts/map/pdftex/updmap/pdftex.map}])
\tf@toc=\write5
\openout5 = `neo_solidity_compiler_design_spec.toc'.

 [2]
Underfull \hbox (badness 10000) in paragraph at lines 53--53
[]|$\OT1/cmtt/m/n/10.95 YUL _ TO _ NEOVM _
 []


Underfull \hbox (badness 10000) in paragraph at lines 53--53
\OT1/cmtt/m/n/10.95 COMPILATION _ STRATEGY .
 []


Underfull \hbox (badness 4752) in paragraph at lines 53--53
[]|\OT1/cmr/m/n/10.95 Provides the strat-egy for pars-ing, nor-mal-iz-ing,
 []


Underfull \hbox (badness 10000) in paragraph at lines 53--53
[]|$\OT1/cmtt/m/n/10.95 docs / mapping _ lowering _
 []


Underfull \hbox (badness 5302) in paragraph at lines 53--53
\OT1/cmr/m/n/10.95 lev-els, Neo in-te-gra-tion tar-gets, and developer-
 []

[3]
Underfull \hbox (badness 1917) in paragraph at lines 79--79
\OT1/cmr/m/n/10.95 cover ABI en-cod-ing and event
 []


Underfull \hbox (badness 10000) in paragraph at lines 79--79
[]|\OT1/cmr/m/n/10.95 Full Neo N3 de-ploy-
 []


Underfull \hbox (badness 10000) in paragraph at lines 79--79
\OT1/cmr/m/n/10.95 ment out-puts ($\OT1/cmtt/m/n/10.95 .nef$\OT1/cmr/m/n/10.95 
,
 []


Underfull \hbox (badness 10000) in paragraph at lines 79--79
\OT1/cmtt/m/n/10.95 .manifest . json$\OT1/cmr/m/n/10.95 ) plus
 []


Underfull \hbox (badness 10000) in paragraph at lines 79--79
[]|\OT1/cmr/m/n/10.95 Artifact Builder stage emits
 []


Underfull \hbox (badness 10000) in paragraph at lines 79--79
\OT1/cmr/m/n/10.95 (per-mis-sions, stan-dards) and
 []


Underfull \hbox (badness 1308) in paragraph at lines 79--79
\OT1/cmr/m/n/10.95 op-tional de-bug bun-dles tied to
 []


Underfull \hbox (badness 4954) in paragraph at lines 79--79
[]|\OT1/cmr/m/n/10.95 Optimization lev-els \OT1/cmtt/m/n/10.95 -O0
 []


Underfull \hbox (badness 5374) in paragraph at lines 79--79
\OT1/cmr/m/n/10.95 through \OT1/cmtt/m/n/10.95 -O3 \OT1/cmr/m/n/10.95 with gas-

 []


Underfull \hbox (badness 10000) in paragraph at lines 79--79
[]|\OT1/cmr/m/n/10.95 Optimization En-gine ap-plies
 []


Underfull \hbox (badness 10000) in paragraph at lines 79--79
\OT1/cmr/m/n/10.95 or-dered pass suites (con-stant
 []


Underfull \hbox (badness 10000) in paragraph at lines 79--79
\OT1/cmr/m/n/10.95 fold-ing, DCE, stack re-duc-
 []


Underfull \hbox (badness 10000) in paragraph at lines 79--79
\OT1/cmr/m/n/10.95 tion, Neo-specific peep-holes)
 []


Underfull \hbox (badness 10000) in paragraph at lines 79--79
\OT1/cmr/m/n/10.95 gated by $\OT1/cmtt/m/n/10.95 CompilerConfig .
 []


Underfull \hbox (badness 4156) in paragraph at lines 79--79
[]|\OT1/cmr/m/n/10.95 Deterministic di-ag-nos-tics
 []


Underfull \hbox (badness 10000) in paragraph at lines 79--79
[]|\OT1/cmr/m/n/10.95 Stage-specific er-ror col-lec-tion
 []


Underfull \hbox (badness 10000) in paragraph at lines 79--79
\OT1/cmr/m/n/10.95 (\OT1/cmtt/m/n/10.95 ErrorCollector\OT1/cmr/m/n/10.95 ), str
uc-tured
 []


Underfull \hbox (badness 3291) in paragraph at lines 79--79
\OT1/cmr/m/n/10.95 CLI/Node tool-ing avail-
 []


Underfull \hbox (badness 10000) in paragraph at lines 79--79
[]|\OT1/cmr/m/n/10.95 Build scripts as-sume Rust
 []


Underfull \hbox (badness 7064) in paragraph at lines 79--79
\OT1/cmr/m/n/10.95 toolchain, dot-net run-time for
 []


Underfull \hbox (badness 10000) in paragraph at lines 128--128
[]|\OT1/cmr/m/n/10.95 AST nodes an-no-tated with
 []


Underfull \hbox (badness 10000) in paragraph at lines 128--128
\OT1/cmtt/m/n/10.95 SourcePosition\OT1/cmr/m/n/10.95 , meta-data in-cludes
 []


Underfull \hbox (badness 10000) in paragraph at lines 128--128
[]|\OT1/cmr/m/n/10.95 Convert Solang/Yul AST to
 []


Underfull \hbox (badness 2261) in paragraph at lines 128--128
[]|\OT1/cmr/m/n/10.95 Build sym-bol/type ta-bles, en-
 []


Underfull \hbox (badness 6592) in paragraph at lines 128--128
\OT1/cmr/m/n/10.95 force So-lid-ity and Neo con-
 []


Underfull \hbox (badness 5036) in paragraph at lines 128--128
\OT1/cmr/m/n/10.95 straints (stor-age lay-out, sup-
 []


Underfull \hbox (badness 1033) in paragraph at lines 128--128
[]|\OT1/cmr/m/n/10.95 Apply or-dered pass list con-di-
 []


Underfull \hbox (badness 10000) in paragraph at lines 128--128
[]|\OT1/cmr/m/n/10.95 Code Gen-er-a-
 []


Underfull \hbox (badness 10000) in paragraph at lines 128--128
[]|\OT1/cmr/m/n/10.95 Instructions an-no-tated with stack-
 []


Underfull \hbox (badness 10000) in paragraph at lines 128--128
\OT1/cmr/m/n/10.95 before/after counts (\OT1/cmtt/m/n/10.95 InstructionInfo\OT1
/cmr/m/n/10.95 ),
 []


Underfull \hbox (badness 2119) in paragraph at lines 128--128
[]|\OT1/cmr/m/n/10.95 Runtime Man-
 []


Underfull \hbox (badness 10000) in paragraph at lines 128--128
[]|\OT1/cmr/m/n/10.95 Attach run-time stubs, com-
 []


Underfull \hbox (badness 10000) in paragraph at lines 128--128
\OT1/cmr/m/n/10.95 pute gas es-ti-mates, se-ri-al-ize
 []

[4] [5]
Underfull \hbox (badness 1655) in paragraph at lines 154--155
[]\OT1/cmr/bx/n/10.95 Outputs: \OT1/cmtt/m/n/10.95 analysisResult \OT1/cmr/m/n/
10.95 con-tain-ing warn-ings, er-rors, and typed IR. Feeds into
 []

[6]
LaTeX Font Info:    Font shape `OT1/cmtt/bx/n' in size <10.95> not available
(Font)              Font shape `OT1/cmtt/m/n' tried instead on input line 184.

Underfull \hbox (badness 2310) in paragraph at lines 186--187
[]\OT1/cmr/bx/n/10.95 Debugging Sup-port: \OT1/cmr/m/n/10.95 Source maps, func-
tion/variable maps for break-points (per
 []

! Missing $ inserted.
<inserted text> 
                $
l.216 ... hooking \texttt{scripts/run_vm_tests.sh}
                                                  ) to compare EVM vs Neo re...
I've inserted a begin-math/end-math symbol since I think
you left one out. Proceed, with fingers crossed.

! Extra }, or forgotten $.
<recently read> \egroup 
                        
l.216 ... hooking \texttt{scripts/run_vm_tests.sh}
                                                  ) to compare EVM vs Neo re...
I've deleted a group-closing symbol because it seems to be
spurious, as in `$x}$'. But perhaps the } is legitimate and
you forgot something else, as in `\hbox{$x}'. In such cases
the way to recover is to insert both the forgotten and the
deleted material, e.g., by typing `I$}'.


! LaTeX Error: Command \item invalid in math mode.

See the LaTeX manual or LaTeX Companion for explanation.
Type  H <return>  for immediate help.
 ...                                              
                                                  
l.217     \item
                Diagnostics emitted by the compiler are converted into Found...

Try typing  <return>  to proceed.
If that doesn't work, type  X <return>  to quit.


! LaTeX Error: Something's wrong--perhaps a missing \item.

See the LaTeX manual or LaTeX Companion for explanation.
Type  H <return>  for immediate help.
 ...                                              
                                                  
l.217     \item D
                 iagnostics emitted by the compiler are converted into Found...

Try typing  <return>  to proceed.
If that doesn't work, type  X <return>  to quit.


! LaTeX Error: Something's wrong--perhaps a missing \item.

See the LaTeX manual or LaTeX Companion for explanation.
Type  H <return>  for immediate help.
 ...                                              
                                                  
l.217     \item D
                 iagnostics emitted by the compiler are converted into Found...

Try typing  <return>  to proceed.
If that doesn't work, type  X <return>  to quit.


! LaTeX Error: Command \end{itemize} invalid in math mode.

See the LaTeX manual or LaTeX Companion for explanation.
Type  H <return>  for immediate help.
 ...                                              
                                                  
l.218 \end{itemize}
                   
Try typing  <return>  to proceed.
If that doesn't work, type  X <return>  to quit.


! LaTeX Error: Something's wrong--perhaps a missing \item.

See the LaTeX manual or LaTeX Companion for explanation.
Type  H <return>  for immediate help.
 ...                                              
                                                  
l.218 \end{itemize}
                   
Try typing  <return>  to proceed.
If that doesn't work, type  X <return>  to quit.


! LaTeX Error: Something's wrong--perhaps a missing \item.

See the LaTeX manual or LaTeX Companion for explanation.
Type  H <return>  for immediate help.
 ...                                              
                                                  
l.218 \end{itemize}
                   
Try typing  <return>  to proceed.
If that doesn't work, type  X <return>  to quit.

! Missing $ inserted.
<inserted text> 
                $
l.218 \end{itemize}
                   
I've inserted something that you may have forgotten.
(See the <inserted text> above.)
With luck, this will get me unwedged. But if you
really didn't forget anything, try typing `2' now; then
my insertion and my current dilemma will both disappear.

! Missing } inserted.
<inserted text> 
                }
l.218 \end{itemize}
                   
I've inserted something that you may have forgotten.
(See the <inserted text> above.)
With luck, this will get me unwedged. But if you
really didn't forget anything, try typing `2' now; then
my insertion and my current dilemma will both disappear.


Overfull \hbox (537.33987pt too wide) in paragraph at lines 216--219
[]\OT1/cmr/m/n/10.95 Foundry tests can ex-e-cute NEF ar-ti-facts via a Neo VM r
un-ner (e.g., hook-ing \OT1/cmtt/m/n/10.95 scripts/run$[]\OML/cmm/m/it/10.95 m[
]ests:sh\OT1/cmr/m/n/10.95 )\OML/cmm/m/it/10.95 tocompareEVMvsNeoresultsforpari
tytesting:DiagnosticsemittedbythecompilerareconvertedintoFoundry \OMS/cmsy/m/n/
10.95 ^^@
 []


Underfull \hbox (badness 7168) in paragraph at lines 234--234
[]|\OT1/cmtt/m/n/10.95 GetContext\OT1/cmr/m/n/10.95 , \OT1/cmtt/m/n/10.95 Get\O
T1/cmr/m/n/10.95 ,
 []


Underfull \hbox (badness 10000) in paragraph at lines 234--234
[]|\OT1/cmtt/m/n/10.95 Notify\OT1/cmr/m/n/10.95 , \OT1/cmtt/m/n/10.95 Log\OT1/c
mr/m/n/10.95 ,
 []


Overfull \hbox (21.02419pt too wide) in paragraph at lines 234--234
\OT1/cmtt/m/n/10.95 GetCallingScriptHash| 
 []


Underfull \hbox (badness 3168) in paragraph at lines 234--234
[]|\OT1/cmr/m/n/10.95 Event emis-sion, log-ging, and caller res-o-lu-tion
 []


Underfull \hbox (badness 10000) in paragraph at lines 234--234
[]|\OT1/cmtt/m/n/10.95 GetHeight\OT1/cmr/m/n/10.95 ,
 []

[7]
Overfull \hbox (35.8963pt too wide) in paragraph at lines 254--254
[]|\OT1/cmtt/m/n/10.95 GetContext\OT1/cmr/m/n/10.95 /\OT1/cmtt/m/n/10.95 PutCon
text| 
 []


Underfull \hbox (badness 4291) in paragraph at lines 254--254
[]|\OT1/cmr/m/n/10.95 Accepts byte ar-rays; com-piler se-ri-al-izes in-te-
 []


Overfull \hbox (30.4213pt too wide) in paragraph at lines 254--254
[]|\OT1/cmtt/m/n/10.95 GetCallingScriptHash| 
 []


Underfull \hbox (badness 2205) in paragraph at lines 254--254
[]|\OT1/cmr/m/n/10.95 Mapping slot hash-ing and other cryp-to-graphic
 []


Underfull \hbox (badness 10000) in paragraph at lines 254--254
[]|\OT1/cmtt/m/n/10.95 GetHeight\OT1/cmr/m/n/10.95 ,
 []


Underfull \hbox (badness 10000) in paragraph at lines 269--269
[]|\OT1/cmr/m/n/10.95 Access to pol-icy
 []


Underfull \hbox (badness 10000) in paragraph at lines 269--269
\OT1/cmr/m/n/10.95 con-tracts (gas
 []


Underfull \hbox (badness 10000) in paragraph at lines 269--269
[]|\OT1/cmr/m/n/10.95 Permissions in-clude or-a-cle hash; man-i-fest
 []


Underfull \hbox (badness 3954) in paragraph at lines 269--269
\OT1/cmtt/m/n/10.95 features.payable \OT1/cmr/m/n/10.95 of-ten true if na-tive 
or-a-cle
 []


Underfull \hbox (badness 7907) in paragraph at lines 269--269
[]|\OT1/cmr/m/n/10.95 Contract man-age-
 []


Underfull \hbox (badness 10000) in paragraph at lines 269--269
[]|\OT1/cmr/m/n/10.95 Block/transaction
 []

[8] [9]
Underfull \hbox (badness 10000) in paragraph at lines 310--310
[]|\OT1/cmtt/m/n/10.95 mul(a,b)\OT1/cmr/m/n/10.95 ,
 []


Underfull \hbox (badness 10000) in paragraph at lines 310--310
[]|\OT1/cmr/m/n/10.95 Direct \OT1/cmtt/m/n/10.95 MUL\OT1/cmr/m/n/10.95 , \OT1/c
mtt/m/n/10.95 SUB\OT1/cmr/m/n/10.95 . Signed vari-ants
 []


Underfull \hbox (badness 10000) in paragraph at lines 310--310
\OT1/cmr/m/n/10.95 (\OT1/cmtt/m/n/10.95 sdiv\OT1/cmr/m/n/10.95 , \OT1/cmtt/m/n/
10.95 smod\OT1/cmr/m/n/10.95 ) wrap operands with
 []


Underfull \hbox (badness 10000) in paragraph at lines 310--310
[]|\OT1/cmr/m/n/10.95 Comparison (\OT1/cmtt/m/n/10.95 lt\OT1/cmr/m/n/10.95 ,
 []


Underfull \hbox (badness 10000) in paragraph at lines 310--310
[]|\OT1/cmr/m/n/10.95 Evaluates operands, leaves
 []


Underfull \hbox (badness 1394) in paragraph at lines 310--310
[]|\OT1/cmr/m/n/10.95 Emits cor-re-spond-ing Neo in-struc-tions;
 []


Underfull \hbox (badness 2932) in paragraph at lines 310--310
[]|\OT1/cmr/m/n/10.95 Bitwise (\OT1/cmtt/m/n/10.95 and\OT1/cmr/m/n/10.95 , \OT1
/cmtt/m/n/10.95 or\OT1/cmr/m/n/10.95 ,
 []


Underfull \hbox (badness 3746) in paragraph at lines 310--310
\OT1/cmtt/m/n/10.95 System.Runtime.Serialize \OT1/cmr/m/n/10.95 or helper
 []


Underfull \hbox (badness 2401) in paragraph at lines 310--310
[]|\OT1/cmr/m/n/10.95 Requires slot hash on stack,
 []


Underfull \hbox (badness 10000) in paragraph at lines 310--310
[]|\OT1/cmr/m/n/10.95 Delegated to stor-age helpers:
 []


Underfull \hbox (badness 10000) in paragraph at lines 310--310
\OT1/cmr/m/n/10.95 push stor-age con-text
 []


Underfull \hbox (badness 10000) in paragraph at lines 310--310
\OT1/cmr/m/n/10.95 (\OT1/cmtt/m/n/10.95 System.Storage.GetContext\OT1/cmr/m/n/1
0.95 ),
 []


Underfull \hbox (badness 10000) in paragraph at lines 310--310
\OT1/cmr/m/n/10.95 pre-pare slot byte ar-ray, call
 []


Underfull \hbox (badness 5161) in paragraph at lines 310--310
\OT1/cmtt/m/n/10.95 System.Storage.Get\OT1/cmr/m/n/10.95 /\OT1/cmtt/m/n/10.95 P
ut\OT1/cmr/m/n/10.95 . Map-ping
 []


Underfull \hbox (badness 3977) in paragraph at lines 310--310
[]|\OT1/cmr/m/n/10.95 Control flow (\OT1/cmtt/m/n/10.95 if\OT1/cmr/m/n/10.95 ,
 []


Underfull \hbox (badness 10000) in paragraph at lines 310--310
[]|\OT1/cmr/m/n/10.95 Emit \OT1/cmtt/m/n/10.95 JMPIF\OT1/cmr/m/n/10.95 /\OT1/cm
tt/m/n/10.95 JMPIFNOT \OT1/cmr/m/n/10.95 plus la-bels.
 []


Underfull \hbox (badness 10000) in paragraph at lines 310--310
\OT1/cmtt/m/n/10.95 switch \OT1/cmr/m/n/10.95 cas-cades com-par-isons with
 []


Underfull \hbox (badness 7012) in paragraph at lines 310--310
\OT1/cmr/m/n/10.95 du-pli-cated se-lec-tor val-ues and uses
 []


Underfull \hbox (badness 10000) in paragraph at lines 310--310
[]|\OT1/cmr/m/n/10.95 Function call
 []


Underfull \hbox (badness 1789) in paragraph at lines 310--310
[]|\OT1/cmr/m/n/10.95 For in-ter-nal func-tions, emit \OT1/cmtt/m/n/10.95 CALL 
\OT1/cmr/m/n/10.95 to
 []

[10] [11]
Underfull \hbox (badness 10000) in paragraph at lines 340--340
[]|\OT1/cmr/m/n/10.95 Comparison &
 []


Underfull \hbox (badness 10000) in paragraph at lines 340--340
[]|\OT1/cmtt/m/n/10.95 mload\OT1/cmr/m/n/10.95 , \OT1/cmtt/m/n/10.95 mstore\OT1
/cmr/m/n/10.95 , \OT1/cmtt/m/n/10.95 mstore8\OT1/cmr/m/n/10.95 ,
 []


Underfull \hbox (badness 2302) in paragraph at lines 340--340
\OT1/cmr/m/n/10.95 slices the in-vo-ca-tion ar-gu-ment buffer us-
 []


Underfull \hbox (badness 10000) in paragraph at lines 340--340
[]|\OT1/cmtt/m/n/10.95 sload\OT1/cmr/m/n/10.95 , \OT1/cmtt/m/n/10.95 sstore\OT1
/cmr/m/n/10.95 , map-
 []


Underfull \hbox (badness 10000) in paragraph at lines 340--340
[]|\OT1/cmr/m/n/10.95 Emit \OT1/cmtt/m/n/10.95 System.Storage.GetContext
 []


Underfull \hbox (badness 10000) in paragraph at lines 340--340
\OT1/cmr/m/n/10.95 fol-lowed by key hash-ing and
 []


Underfull \hbox (badness 4156) in paragraph at lines 340--340
\OT1/cmtt/m/n/10.95 System.Storage.Get/Put\OT1/cmr/m/n/10.95 . Nested map-
 []


Underfull \hbox (badness 3514) in paragraph at lines 340--340
\OT1/cmr/m/n/10.95 pings rely on the slot-derivation helpers
 []


Underfull \hbox (badness 10000) in paragraph at lines 340--340
[]|\OT1/cmtt/m/n/10.95 gas\OT1/cmr/m/n/10.95 , \OT1/cmtt/m/n/10.95 timestamp\OT
1/cmr/m/n/10.95 , \OT1/cmtt/m/n/10.95 caller\OT1/cmr/m/n/10.95 ,
 []


Underfull \hbox (badness 2521) in paragraph at lines 340--340
[]|\OT1/cmtt/m/n/10.95 if\OT1/cmr/m/n/10.95 , \OT1/cmtt/m/n/10.95 switch\OT1/cm
r/m/n/10.95 , \OT1/cmtt/m/n/10.95 for\OT1/cmr/m/n/10.95 , \OT1/cmtt/m/n/10.95 r
eturn\OT1/cmr/m/n/10.95 ,
 []


Underfull \hbox (badness 10000) in paragraph at lines 340--340
[]|\OT1/cmtt/m/n/10.95 call\OT1/cmr/m/n/10.95 , \OT1/cmtt/m/n/10.95 delegatecal
l\OT1/cmr/m/n/10.95 ,
 []


Underfull \hbox (badness 1490) in paragraph at lines 340--340
\OT1/cmr/m/n/10.95 top-ics, match-ing So-lid-ity's event en-cod-ing
 []

[12] [13]
Overfull \vbox (39.5086pt too high) has occurred while \output is active []


[14] [15]
Underfull \hbox (badness 1694) in paragraph at lines 410--411
\OT1/cmr/m/n/10.95 se-man-tics are used. These booleans map di-rectly to man-i-
fest \OT1/cmtt/m/n/10.95 features.storage\OT1/cmr/m/n/10.95 ,
 []

[16]
Overfull \hbox (18.49072pt too wide) in paragraph at lines 445--445
[]\OT1/cmtt/m/n/10 077472616e73666572 3402 0100                      # token en
try: name, offset, params/returns[] 
 []


Overfull \hbox (9.52681pt too wide) in paragraph at lines 468--468
[]|\OT1/cmtt/m/n/10.95 supportedstandards| 
 []


Overfull \hbox (32.52156pt too wide) in paragraph at lines 468--468
[]|\OT1/cmtt/m/n/10.95 features.dynamicInvoke| 
 []

[17]
Underfull \hbox (badness 4084) in paragraph at lines 501--501
[]|\OT1/cmr/m/n/10.95 Declares tar-get VM (3.0--3.5+); in-flu-ences
 []


Underfull \hbox (badness 10000) in paragraph at lines 517--517
[]|\OT1/cmtt/m/n/10.95 SourceMap\OT1/cmr/m/n/10.95 ,
 []


Underfull \hbox (badness 10000) in paragraph at lines 517--517
\OT1/cmtt/m/n/10.95 SymbolTable\OT1/cmr/m/n/10.95 ,
 []


Underfull \hbox (badness 10000) in paragraph at lines 517--517
\OT1/cmtt/m/n/10.95 TypeTable\OT1/cmr/m/n/10.95 ,
 []


Underfull \hbox (badness 10000) in paragraph at lines 517--517
\OT1/cmtt/m/n/10.95 LabelCounter\OT1/cmr/m/n/10.95 ,
 []


Underfull \hbox (badness 10000) in paragraph at lines 517--517
\OT1/cmtt/m/n/10.95 ErrorCollector\OT1/cmr/m/n/10.95 ,
 []


Underfull \hbox (badness 10000) in paragraph at lines 517--517
[]|\OT1/cmtt/m/n/10.95 Contract\OT1/cmr/m/n/10.95 , \OT1/cmtt/m/n/10.95 Warning
s\OT1/cmr/m/n/10.95 ,
 []


Underfull \hbox (badness 10000) in paragraph at lines 517--517
\OT1/cmtt/m/n/10.95 Errors\OT1/cmr/m/n/10.95 , \OT1/cmtt/m/n/10.95 Statistics\O
T1/cmr/m/n/10.95 ,
 []


Underfull \hbox (badness 10000) in paragraph at lines 517--517
[]|\OT1/cmtt/m/n/10.95 CompilerVersion\OT1/cmr/m/n/10.95 ,
 []


Underfull \hbox (badness 10000) in paragraph at lines 517--517
\OT1/cmtt/m/n/10.95 CompilationTime\OT1/cmr/m/n/10.95 ,
 []


Underfull \hbox (badness 10000) in paragraph at lines 517--517
\OT1/cmtt/m/n/10.95 SourceHash\OT1/cmr/m/n/10.95 ,
 []


Underfull \hbox (badness 10000) in paragraph at lines 517--517
[]|\OT1/cmtt/m/n/10.95 SourceMap\OT1/cmr/m/n/10.95 ,
 []


Underfull \hbox (badness 10000) in paragraph at lines 517--517
\OT1/cmtt/m/n/10.95 FunctionMap\OT1/cmr/m/n/10.95 ,
 []


Underfull \hbox (badness 10000) in paragraph at lines 517--517
\OT1/cmtt/m/n/10.95 VariableMap\OT1/cmr/m/n/10.95 ,
 []

[18]
Underfull \hbox (badness 1540) in paragraph at lines 522--523
[]\OT1/cmr/bx/n/10.95 Severity Lev-els: \OT1/cmr/m/n/10.95 Er-rors (fa-tal) and
 warn-ings (non-fatal) per \OT1/cmtt/m/n/10.95 CompilerError \OT1/cmr/m/n/10.95
 and
 []


Underfull \hbox (badness 7238) in paragraph at lines 539--540
[]|\OT1/cmr/m/n/10.95 Parser con-sumes first to-ken from
 []


Underfull \hbox (badness 10000) in paragraph at lines 542--542
[]|\OT1/cmr/m/n/10.95 Semantic checks com-pleted;
 []


Underfull \hbox (badness 1142) in paragraph at lines 542--543
[]|\OT1/cmr/m/n/10.95 Optimization passes ap-plied suc-cess-
 []


Underfull \hbox (badness 10000) in paragraph at lines 544--544
[]|\OT1/cmr/m/n/10.95 Bytecode ex-ists; in-struc-tion
 []

[19]
Underfull \hbox (badness 2547) in paragraph at lines 591--591
[]|\OT1/cmr/m/n/10.95 Peephole rewrit-ing to min-i-mize DUP/SWAP se-
 []


Underfull \hbox (badness 10000) in paragraph at lines 591--591
[]|\OT1/cmr/m/n/10.95 Neo-Specific
 []

[20]
Underfull \hbox (badness 10000) in paragraph at lines 610--610
[]|\OT1/cmr/m/n/10.95 Bytecode, method to-kens,
 []


Underfull \hbox (badness 10000) in paragraph at lines 610--610
[]|\OT1/cmr/m/n/10.95 Manifest ($\OT1/cmtt/m/n/10.95 * .
 []


Underfull \hbox (badness 1688) in paragraph at lines 610--610
[]|\OT1/cmr/m/n/10.95 ABI sig-na-tures, events, per-
 []


Underfull \hbox (badness 10000) in paragraph at lines 610--610
[]|\OT1/cmr/m/n/10.95 Debug Bun-dle
 []


Underfull \hbox (badness 10000) in paragraph at lines 610--610
\OT1/cmr/m/n/10.95 ($\OT1/cmtt/m/n/10.95 nef . debug .
 []


Underfull \hbox (badness 10000) in paragraph at lines 610--610
[]|\OT1/cmr/m/n/10.95 Debuggers and IDE break-points (per
 []


Underfull \hbox (badness 10000) in paragraph at lines 610--610
[]|\OT1/cmr/m/n/10.95 Compile Sum-
 []


Underfull \hbox (badness 3525) in paragraph at lines 610--610
\OT1/cmr/m/n/10.95 mary ($\OT1/cmtt/m/n/10.95 compile _
 []


Underfull \hbox (badness 10000) in paragraph at lines 610--610
[]|\OT1/cmr/m/n/10.95 CI re-port-ing, re-gres-sion dash-boards
 []

[21]
Overfull \hbox (168.08467pt too wide) in paragraph at lines 661--662
 [][] 
 []

[22]
Underfull \hbox (badness 3690) in paragraph at lines 670--671
[]\OT1/cmr/bx/n/10.95 Source Map-ping: \OT1/cmtt/m/n/10.95 buildSourceMap\OT1/c
mr/m/n/10.95 , \OT1/cmtt/m/n/10.95 buildFunctionMap\OT1/cmr/m/n/10.95 , \OT1/cm
tt/m/n/10.95 buildVariableMap\OT1/cmr/m/n/10.95 , and
 []

[23]
Underfull \hbox (badness 10000) in paragraph at lines 712--712
[]|\OT1/cmr/m/n/10.95 Lexer/parser, se-man-
 []


Underfull \hbox (badness 10000) in paragraph at lines 712--712
\OT1/cmr/m/n/10.95 tic rules, op-ti-mizer
 []


Underfull \hbox (badness 10000) in paragraph at lines 712--712
[]|\OT1/cmr/m/n/10.95 Reference con-tracts
 []


Underfull \hbox (badness 10000) in paragraph at lines 712--712
\OT1/cmr/m/n/10.95 (NEP-11/17/24,
 []


Underfull \hbox (badness 10000) in paragraph at lines 712--712
\OT1/cmr/m/n/10.95 Uniswap suite) com-
 []


Underfull \hbox (badness 10000) in paragraph at lines 712--712
\OT1/cmr/m/n/10.95 Neo-Ex-press, val-i-date
 []


Underfull \hbox (badness 10000) in paragraph at lines 712--712
\OT1/cmr/m/n/10.95 ob-serv-able be-hav-ior
 []


Underfull \hbox (badness 10000) in paragraph at lines 712--712
[]|\OT1/cmr/m/n/10.95 Static/Quality
 []


Underfull \hbox (badness 10000) in paragraph at lines 712--712
[]|\OT1/cmr/m/n/10.95 Linting (\OT1/cmtt/m/n/10.95 cargo fmt\OT1/cmr/m/n/10.95 
,
 []


Underfull \hbox (badness 1028) in paragraph at lines 712--712
\OT1/cmtt/m/n/10.95 clippy\OT1/cmr/m/n/10.95 ), code met-rics,
 []


Underfull \hbox (badness 10000) in paragraph at lines 728--728
[]|\OT1/cmr/m/n/10.95 130+ So-lid-ity
 []


Underfull \hbox (badness 10000) in paragraph at lines 728--728
\OT1/cmr/m/n/10.95 con-tracts in
 []


Underfull \hbox (badness 10000) in paragraph at lines 728--728
[]|\OT1/cmr/m/n/10.95 Synthetic con-
 []


Underfull \hbox (badness 10000) in paragraph at lines 728--728
\OT1/cmr/m/n/10.95 tracts cov-er-ing
 []


Underfull \hbox (badness 5231) in paragraph at lines 728--728
\OT1/cmr/m/n/10.95 syscalls, stor-age
 []


Underfull \hbox (badness 4647) in paragraph at lines 728--728
\OT1/cmr/m/n/10.95 edge cases, ex-
 []


Underfull \hbox (badness 10000) in paragraph at lines 728--728
\OT1/cmr/m/n/10.95 on Neo na-tive
 []


Underfull \hbox (badness 10000) in paragraph at lines 728--728
\OT1/cmr/m/n/10.95 pol-icy, man-age-
 []

[24]
Underfull \hbox (badness 10000) in paragraph at lines 754--754
[]|$\OT1/cmtt/m/n/10.95 build / manifests / * .
 []


Underfull \hbox (badness 10000) in paragraph at lines 754--754
[]|$\OT1/cmtt/m/n/10.95 build /
 []


Underfull \hbox (badness 10000) in paragraph at lines 754--754
[]|$\OT1/cmtt/m/n/10.95 spec / neo _ solidity _
 []


Underfull \hbox (badness 10000) in paragraph at lines 754--754
\OT1/cmtt/m/n/10.95 compiler _ design _
 []

[25]
Underfull \hbox (badness 10000) in paragraph at lines 771--771
[]|\OT1/cmtt/m/n/10.95 cargo fmt --
 []


Underfull \hbox (badness 10000) in paragraph at lines 771--771
\OT1/cmtt/m/n/10.95 --check\OT1/cmr/m/n/10.95 , \OT1/cmtt/m/n/10.95 cargo
 []


Overfull \hbox (48.04189pt too wide) in paragraph at lines 771--771
[]|\OT1/cmtt/m/n/10.95 scripts/compile[]nep[]suite.sh\OT1/cmr/m/n/10.95 ,
 []


Overfull \hbox (35.11247pt too wide) in paragraph at lines 771--771
\OT1/cmtt/m/n/10.95 scripts/compile[]uniswap.sh| 
 []


Underfull \hbox (badness 2418) in paragraph at lines 771--771
[]|\OT1/cmr/m/n/10.95 Produces NEF/manifest out-puts and $\OT1/cmtt/m/n/10.95 c
ompile _
 []


Overfull \hbox (16.25677pt too wide) in paragraph at lines 771--771
[]|\OT1/cmtt/m/n/10.95 scripts/run[]vm[]tests.sh
 []


Underfull \hbox (badness 3907) in paragraph at lines 771--771
[]|\OT1/cmr/m/n/10.95 Artifact Pack-ag-
 []


Overfull \hbox (35.11247pt too wide) in paragraph at lines 771--771
[]|\OT1/cmtt/m/n/10.95 scripts/package[]release.sh| 
 []

[26]
Underfull \hbox (badness 10000) in paragraph at lines 832--832
[]|\OT1/cmr/m/n/10.95 DebugInformation
 []


Underfull \hbox (badness 10000) in paragraph at lines 834--834
[]|\OT1/cmr/m/n/10.95 Runtime meta-data
 []


Underfull \hbox (badness 10000) in paragraph at lines 834--835
[]|\OT1/cmr/m/n/10.95 Tests in-vok-ing $\OT1/cmtt/m/n/10.95 execute _ with _
 []


Underfull \hbox (badness 1635) in paragraph at lines 834--835
\OT1/cmtt/m/n/10.95 overrides$\OT1/cmr/m/n/10.95 , ver-i-fy-ing meta-data pay-
 []

[27] [28]

! LaTeX Error: \begin{itemize} on input line 872 ended by \end{enumerate}.

See the LaTeX manual or LaTeX Companion for explanation.
Type  H <return>  for immediate help.
 ...                                              
                                                  
l.889 \end{enumerate}
                     
Your command was ignored.
Type  I <command> <return>  to replace it with another command,
or  <return>  to continue without it.

[29]

! LaTeX Error: \begin{enumerate} on input line 864 ended by \end{document}.

See the LaTeX manual or LaTeX Companion for explanation.
Type  H <return>  for immediate help.
 ...                                              
                                                  
l.904 \end{document}
                    
Your command was ignored.
Type  I <command> <return>  to replace it with another command,
or  <return>  to continue without it.

(spec/neo_solidity_compiler_design_spec.aux)
 ***********
LaTeX2e <2023-11-01> patch level 1
L3 programming layer <2024-01-22>
 ***********


LaTeX Warning: Label(s) may have changed. Rerun to get cross-references right.

Package rerunfilecheck Info: File `neo_solidity_compiler_design_spec.out' has n
ot changed.
(rerunfilecheck)             Checksum: 22B6BABBA0F85058D7B1009F1C6D9EF4;11932.
 )
(\end occurred inside a group at level 1)

### semi simple group (level 1) entered at line 864 (\begingroup)
### bottom level 
Here is how much of TeX's memory you used:
 21256 strings out of 475662
 402610 string characters out of 5784441
 1945975 words of memory out of 5000000
 42926 multiletter control sequences out of 15000+600000
 564570 words of font info for 58 fonts, out of 8000000 for 9000
 264 hyphenation exceptions out of 8191
 102i,12n,107p,622b,888s stack positions out of 10000i,1000n,20000p,200000b,200000s
 </home/neo/.texlive2023/texmf-var/fonts/pk/ljfour/jknappen/ec/
tcrm1095.600pk></usr/share/texlive/texmf-dist/fonts/type1/public/amsfonts/cm/cm
bx10.pfb></usr/share/texlive/texmf-dist/fonts/type1/public/amsfonts/cm/cmbx12.p
fb></usr/share/texlive/texmf-dist/fonts/type1/public/amsfonts/cm/cmmi10.pfb></u
sr/share/texlive/texmf-dist/fonts/type1/public/amsfonts/cm/cmmi8.pfb></usr/shar
e/texlive/texmf-dist/fonts/type1/public/amsfonts/cm/cmr10.pfb></usr/share/texli
ve/texmf-dist/fonts/type1/public/amsfonts/cm/cmr12.pfb></usr/share/texlive/texm
f-dist/fonts/type1/public/amsfonts/cm/cmr8.pfb></usr/share/texlive/texmf-dist/f
onts/type1/public/amsfonts/cm/cmsy10.pfb></usr/share/texlive/texmf-dist/fonts/t
ype1/public/amsfonts/cm/cmti10.pfb></usr/share/texlive/texmf-dist/fonts/type1/p
ublic/amsfonts/cm/cmtt10.pfb>
Output written on spec/neo_solidity_compiler_design_spec.pdf (29 pages, 230788 
bytes).
PDF statistics:
 624 PDF objects out of 1000 (max. 8388607)
 560 compressed objects within 6 object streams
 158 named destinations out of 1000 (max. 500000)
 533 words of extra memory for PDF output out of 10000 (max. 10000000)

